[www.balajitourandtravel.in/vi-vn/index.html]
[backblue.gif]
[fade.gif]
[index.html]
[www.balajitourandtravel.in/wp-content/themes/flatsome/assets/js/flatsomea5b3.js]
[www.balajitourandtravel.in/wp-content/themes/flatsome/assets/js/chunk.slider0bb8.js]
[www.balajitourandtravel.in/wp-content/themes/flatsome/assets/js/chunk.popups0bb8.js]
[www.balajitourandtravel.in/wp-content/themes/flatsome/assets/js/chunk.tooltips0bb8.js]
[www.balajitourandtravel.in/wp-content/themes/flatsome/assets/css/flatsome0bb8.css]
[www.balajitourandtravel.in/wp-content/themes/flatsome-child/style6aec.css]
[www.balajitourandtravel.in/wp-includes/js/jquery/jquery.minf43b.js]
[www.balajitourandtravel.in/wp-includes/js/jquery/jquery-migrate.min5589.js]
[www.balajitourandtravel.in/wp-content/plugins/canonical-seo/script466a.js]
[www.balajitourandtravel.in/wp-content/uploads/2025/08/cropped-fav-32x32.png]
[www.balajitourandtravel.in/wp-content/uploads/2025/08/cropped-fav-192x192.png]
[www.balajitourandtravel.in/wp-content/uploads/2025/08/cropped-fav-180x180.png]
[www.balajitourandtravel.in/wp-content/uploads/2025/08/F8BET_1-1-1024x427.png]
[www.balajitourandtravel.in/wp-content/uploads/2025/12/f8bet-logo-chu-de-3.png]
[www.balajitourandtravel.in/wp-content/uploads/2025/12/f8bet-logo-chu-de-4.png]
[www.balajitourandtravel.in/wp-content/uploads/2025/12/f8bet-logo-chu-de-2.png]
[www.balajitourandtravel.in/wp-content/uploads/2025/12/f8bet-logo-chu-de-5.png]
[www.balajitourandtravel.in/wp-content/uploads/2025/12/f8bet-logo-chu-de-1.png]
[www.balajitourandtravel.in/wp-content/uploads/2025/12/f8bet-logo-chu-de-6.png]
[www.balajitourandtravel.in/wp-content/uploads/2025/12/sanh-game-moi-2025-2-1.png]
[www.balajitourandtravel.in/wp-content/uploads/2025/12/sanh-game-moi-2025-2-1-300x175.png]
[www.balajitourandtravel.in/wp-content/uploads/2025/12/sanh-game-moi-2025-4-1.png]
[www.balajitourandtravel.in/wp-content/uploads/2025/12/sanh-game-moi-2025-4-1-300x175.png]
[www.balajitourandtravel.in/wp-content/uploads/2025/12/sanh-game-moi-2025-1-1.png]
[www.balajitourandtravel.in/wp-content/uploads/2025/12/sanh-game-moi-2025-1-1-300x175.png]
[www.balajitourandtravel.in/wp-content/uploads/2025/12/sanh-game-moi-2025-3-1.png]
[www.balajitourandtravel.in/wp-content/uploads/2025/12/sanh-game-moi-2025-3-1-300x175.png]
[www.balajitourandtravel.in/wp-content/uploads/2025/12/sanh-game-moi-2025-5-1.png]
[www.balajitourandtravel.in/wp-content/uploads/2025/12/sanh-game-moi-2025-5-1-300x175.png]
[www.balajitourandtravel.in/wp-content/uploads/2025/09/dai-ly-f8bet-co-hoi-hop-tac-kinh-doanh-cung-nha-cai-uy-tin.jpg]
[www.balajitourandtravel.in/wp-content/uploads/2025/09/khuyen-mai-f8bet-cach-nhan-thuong-va-luu-y-quan-trong.jpg]
[www.balajitourandtravel.in/wp-content/uploads/2025/09/tai-app-f8bet-chinh-thuc-va-huong-dan-cai-dat-ban-moi-nhat.jpg]
[www.balajitourandtravel.in/wp-content/uploads/2025/09/huong-dan-rut-tien-f8bet-khong-lo-bi-loi-thanh-cong-100.jpg]
[www.balajitourandtravel.in/wp-content/uploads/2025/09/huong-dan-nap-tien-f8bet-chi-tiet-an-toan-va-nhanh-chong.jpg]
[www.balajitourandtravel.in/wp-content/uploads/2025/09/dang-ky-f8bet-chi-2-phut-nhan-uu-dai-hap-dan-ngay-.jpg]
[www.balajitourandtravel.in/wp-content/uploads/2025/08/F8BET_1-1.png]
[images.dmca.com/Badges/_dmca_premi_badge_44c92.png]
[images.dmca.com/Badges/DMCABadgeHelper.min.js]
[www.balajitourandtravel.in/cdn-cgi/scripts/5c5dd728/cloudflare-static/email-decode.min.js]
[www.balajitourandtravel.in/wp-content/plugins/wp-content-copy-protector/images/warning.png]
[www.balajitourandtravel.in/wp-content/themes/flatsome/inc/extensions/flatsome-live-search/flatsome-live-search0bb8.js]
[www.balajitourandtravel.in/vi-vn/index.html]
[www.balajitourandtravel.in/wp-content/themes/flatsome-child/assets/css/addon0bb8.css]
[www.balajitourandtravel.in/wp-includes/js/hoverIntent.min3e5a.js]
[www.balajitourandtravel.in/wp-content/themes/flatsome/assets/img/shadow@2x.png]
[www.balajitourandtravel.in/wp-content/themes/flatsome/assets/img/underline.png]
[www.balajitourandtravel.in/wp-content/themes/flatsome/assets/css/flatsome0bb8.css]
[www.balajitourandtravel.in/wp-content/themes/flatsome-child/style6aec.css]
